******************************************************************************
                  TI ARM Linker PC v20.2.7                     
******************************************************************************
>> Linked Wed Sep 25 13:09:26 2024

OUTPUT FILE NAME:   <lab_3.out>
ENTRY POINT SYMBOL: "_c_int00_noargs"  address: 00002e95


MEMORY CONFIGURATION

         name            origin    length      used     unused   attr    fill
----------------------  --------  ---------  --------  --------  ----  --------
  FLASH                 00000000   00040000  000031b9  0003ce47  R  X
  SRAM                  20000000   00008000  00000b1e  000074e2  RW X


SEGMENT ALLOCATION MAP

run origin  load origin   length   init length attrs members
----------  ----------- ---------- ----------- ----- -------
00000000    00000000    000031c0   000031c0    r-x
  00000000    00000000    0000026c   0000026c    r-- .intvecs
  0000026c    0000026c    00002e04   00002e04    r-x .text
  00003070    00003070    00000109   00000109    r-- .const
  00003180    00003180    00000040   00000040    r-- .cinit
20000000    20000000    00000b25   00000000    rw-
  20000000    20000000    0000026c   00000000    rw- .vtable
  20000270    20000270    00000800   00000000    rw- .stack
  20000a70    20000a70    000000a5   00000000    rw- .bss
  20000b18    20000b18    0000000d   00000000    rw- .data


SECTION ALLOCATION MAP

 output                                  attributes/
section   page    origin      length       input sections
--------  ----  ----------  ----------   ----------------
.intvecs   0    00000000    0000026c     
                  00000000    0000026c     tm4c123gh6pm_startup_ccs.obj (.intvecs)

.text      0    0000026c    00002e04     
                  0000026c    00000a4e     rtsv7M4_T_le_v4SPD16_eabi.lib : _printfi.c.obj (.text:__TI_printfi)
                  00000cba    00000002                                   : div0.asm.obj (.text)
                  00000cbc    00000328     lcd.obj (.text)
                  00000fe4    00000270     rtsv7M4_T_le_v4SPD16_eabi.lib : _printfi.c.obj (.text:_pconv_a)
                  00001254    00000260     libcybotScan.lib : cyBot_Scan.obj (.text)
                  000014b4    00000248     Timer.obj (.text)
                  000016fc    000001ec     libcybotScan.lib : ping.obj (.text)
                  000018e8    000001d0     rtsv7M4_T_le_v4SPD16_eabi.lib : _printfi.c.obj (.text:_pconv_g)
                  00001ab8    000001b6                                   : fd_add_t2.asm.obj (.text)
                  00001c6e    00000002     --HOLE-- [fill = 0]
                  00001c70    0000015c     libcybotUART.lib : uart.obj (.text)
                  00001dcc    00000158     libcybotScan.lib : servo.obj (.text)
                  00001f24    0000013c     rtsv7M4_T_le_v4SPD16_eabi.lib : _printfi.c.obj (.text:_pconv_e)
                  00002060    00000136                                   : fd_div_t2.asm.obj (.text)
                  00002196    00000002     --HOLE-- [fill = 0]
                  00002198    00000124                                   : _printfi.c.obj (.text:fcvt)
                  000022bc    00000118     libcybotScan.lib : ir.obj (.text)
                  000023d4    00000110     main.obj (.text)
                  000024e4    00000110     rtsv7M4_T_le_v4SPD16_eabi.lib : s_scalbn.c.obj (.text:scalbn)
                  000025f4    000000fc                                   : fd_mul_t2.asm.obj (.text)
                  000026f0    000000b1                                   : _printfi.c.obj (.text:_ltostr)
                  000027a1    00000001     --HOLE-- [fill = 0]
                  000027a2    0000009c                                   : memcpy_t2.asm.obj (.text)
                  0000283e    00000096                                   : ull_div_t2.asm.obj (.text)
                  000028d4    00000086                                   : fd_cmp_t2.asm.obj (.text:__aeabi_cdcmple)
                  0000295a    00000086                                   : fd_cmp_t2.asm.obj (.text:__aeabi_cdrcmple)
                  000029e0    0000007a                                   : memset_t2.asm.obj (.text)
                  00002a5a    0000006e                                   : _printfi.c.obj (.text:_mcpy)
                  00002ac8    00000068                                   : copy_decompress_lzss.c.obj (.text:decompress:lzss:__TI_decompress_lzss)
                  00002b30    00000064                                   : s_frexp.c.obj (.text:frexp)
                  00002b94    00000056                                   : _printfi.c.obj (.text:_pconv_f)
                  00002bea    00000054                                   : _ltoa.c.obj (.text:__TI_ltoa)
                  00002c3e    00000052                                   : _printfi.c.obj (.text:_ecpy)
                  00002c90    0000004c                                   : atoi.c.obj (.text:atoi)
                  00002cdc    00000048                                   : fd_toi_t2.asm.obj (.text)
                  00002d24    00000044                                   : autoinit.c.obj (.text:__TI_auto_init_nobinit_nopinit:__TI_auto_init_nobinit_nopinit)
                  00002d68    00000040                                   : sprintf.c.obj (.text:sprintf)
                  00002da8    00000040                                   : vsnprintf.c.obj (.text:vsnprintf)
                  00002de8    0000003e                                   : _printfi.c.obj (.text:_fcpy)
                  00002e26    00000038                                   : fs_tod_t2.asm.obj (.text)
                  00002e5e    00000002     --HOLE-- [fill = 0]
                  00002e60    00000034     driverlib.lib : interrupt.obj (.text:IntRegister)
                  00002e94    00000034     rtsv7M4_T_le_v4SPD16_eabi.lib : boot_cortex_m.c.obj (.text:_c_int00_noargs:_c_int00_noargs)
                  00002ec8    00000030                                   : vsnprintf.c.obj (.text:_outs)
                  00002ef8    0000002e                                   : i_tofd_t2.asm.obj (.text)
                  00002f26    0000001c                                   : copy_zero_init.c.obj (.text:decompress:ZI:__TI_zero_init_nomemset:__TI_zero_init_nomemset)
                  00002f42    0000001c                                   : memccpy.c.obj (.text:memccpy)
                  00002f5e    0000001a                                   : s_copysign.c.obj (.text:copysign)
                  00002f78    00000018                                   : vsnprintf.c.obj (.text:_outc)
                  00002f90    00000018                                   : sprintf.c.obj (.text:_outs)
                  00002fa8    00000018                                   : strcmp.c.obj (.text:strcmp)
                  00002fc0    00000016                                   : strchr.c.obj (.text:strchr)
                  00002fd6    00000014                                   : strcpy.c.obj (.text:strcpy)
                  00002fea    00000014                                   : strlen.c.obj (.text:strlen)
                  00002ffe    00000012                                   : wcslen.c.obj (.text:wcslen)
                  00003010    00000010     driverlib.lib : interrupt.obj (.text:IntMasterEnable)
                  00003020    00000010     lcd.obj (.text:lcd_clear)
                  00003030    0000000e     rtsv7M4_T_le_v4SPD16_eabi.lib : copy_decompress_none.c.obj (.text:decompress:none:__TI_decompress_none)
                  0000303e    0000000c     driverlib.lib : cpu.obj (.text:CPUcpsie)
                  0000304a    0000000c     tm4c123gh6pm_startup_ccs.obj (.text)
                  00003056    0000000a     rtsv7M4_T_le_v4SPD16_eabi.lib : sprintf.c.obj (.text:_outc)
                  00003060    00000008                                   : errno.c.obj (.text:__aeabi_errno_addr)
                  00003068    00000004                                   : pre_init.c.obj (.text:_system_pre_init)
                  0000306c    00000004                                   : exit.c.obj (.text:abort:abort)

.const     0    00003070    00000109     
                  00003070    00000101     rtsv7M4_T_le_v4SPD16_eabi.lib : ctype.c.obj (.const:.string:_ctypes_)
                  00003171    00000004     lcd.obj (.const:.string:lineAddress$1)
                  00003175    00000004     lcd.obj (.const:.string:lineAddresses$2)

.cinit     0    00003180    00000040     
                  00003180    0000000c     (__TI_handler_table)
                  0000318c    00000004     --HOLE-- [fill = 0]
                  00003190    00000008     (.cinit..bss.load) [load image, compression = zero_init]
                  00003198    00000008     (.cinit..vtable.load) [load image, compression = zero_init]
                  000031a0    00000007     (.cinit..data.load) [load image, compression = lzss]
                  000031a7    00000001     --HOLE-- [fill = 0]
                  000031a8    00000018     (__TI_cinit_table)

.init_array 
*          0    00000000    00000000     UNINITIALIZED

.vtable    0    20000000    0000026c     UNINITIALIZED
                  20000000    0000026c     driverlib.lib : interrupt.obj (.vtable)

.bss       0    20000a70    000000a5     UNINITIALIZED
                  20000a70    00000054     lcd.obj (.bss:lastbuffer$3)
                  20000ac4    00000034     (.common:isr_char_buffer)
                  20000af8    00000004     (.common:_timeout_ticks)
                  20000afc    00000004     (.common:fallingEdge)
                  20000b00    00000004     (.common:isr_int_value)
                  20000b04    00000004     (.common:left_calibration_value)
                  20000b08    00000004     (.common:pulseLength)
                  20000b0c    00000004     (.common:right_calibration_value)
                  20000b10    00000004     (.common:risingEdge)
                  20000b14    00000001     (.common:isRisingEdge)

.data      0    20000b18    0000000d     UNINITIALIZED
                  20000b18    00000004     libcybotScan.lib : cyBot_Scan.obj (.data)
                  20000b1c    00000004     libcybotUART.lib : uart.obj (.data)
                  20000b20    00000004     rtsv7M4_T_le_v4SPD16_eabi.lib : errno.c.obj (.data)
                  20000b24    00000001     Timer.obj (.data)

.stack     0    20000270    00000800     UNINITIALIZED
                  20000270    00000004     rtsv7M4_T_le_v4SPD16_eabi.lib : boot_cortex_m.c.obj (.stack)
                  20000274    000007fc     --HOLE--

__llvm_prf_cnts 
*          0    20000000    00000000     UNINITIALIZED

MODULE SUMMARY

       Module                         code    ro data   rw data
       ------                         ----    -------   -------
    .\
       lcd.obj                        824     8         84     
       tm4c123gh6pm_startup_ccs.obj   12      620       0      
       Timer.obj                      584     0         5      
       main.obj                       272     0         8      
    +--+------------------------------+-------+---------+---------+
       Total:                         1692    628       97     
                                                               
    ../libcybotScan.lib
       cyBot_Scan.obj                 608     0         4      
       ping.obj                       492     0         13     
       servo.obj                      344     0         0      
       ir.obj                         280     0         4      
    +--+------------------------------+-------+---------+---------+
       Total:                         1724    0         21     
                                                               
    ../libcybotUART.lib
       uart.obj                       348     0         56     
    +--+------------------------------+-------+---------+---------+
       Total:                         348     0         56     
                                                               
    C:/ti/TivaWare_C_Series-2.2.0.295/driverlib/ccs/Debug/driverlib.lib
       interrupt.obj                  68      0         620    
       cpu.obj                        12      0         0      
    +--+------------------------------+-------+---------+---------+
       Total:                         80      0         620    
                                                               
    C:\ti\ccs1271\ccs\tools\compiler\ti-cgt-arm_20.2.7.LTS\lib\rtsv7M4_T_le_v4SPD16_eabi.lib
       _printfi.c.obj                 4851    0         0      
       fd_add_t2.asm.obj              438     0         0      
       fd_div_t2.asm.obj              310     0         0      
       s_scalbn.c.obj                 272     0         0      
       fd_cmp_t2.asm.obj              268     0         0      
       ctype.c.obj                    0       257       0      
       fd_mul_t2.asm.obj              252     0         0      
       memcpy_t2.asm.obj              156     0         0      
       ull_div_t2.asm.obj             150     0         0      
       vsnprintf.c.obj                136     0         0      
       memset_t2.asm.obj              122     0         0      
       copy_decompress_lzss.c.obj     104     0         0      
       s_frexp.c.obj                  100     0         0      
       sprintf.c.obj                  98      0         0      
       _ltoa.c.obj                    84      0         0      
       atoi.c.obj                     76      0         0      
       fd_toi_t2.asm.obj              72      0         0      
       autoinit.c.obj                 68      0         0      
       fs_tod_t2.asm.obj              56      0         0      
       boot_cortex_m.c.obj            52      0         0      
       i_tofd_t2.asm.obj              46      0         0      
       copy_zero_init.c.obj           28      0         0      
       memccpy.c.obj                  28      0         0      
       s_copysign.c.obj               26      0         0      
       strcmp.c.obj                   24      0         0      
       strchr.c.obj                   22      0         0      
       strcpy.c.obj                   20      0         0      
       strlen.c.obj                   20      0         0      
       wcslen.c.obj                   18      0         0      
       copy_decompress_none.c.obj     14      0         0      
       errno.c.obj                    8       0         4      
       exit.c.obj                     4       0         0      
       pre_init.c.obj                 4       0         0      
       div0.asm.obj                   2       0         0      
    +--+------------------------------+-------+---------+---------+
       Total:                         7929    257       4      
                                                               
       Stack:                         0       0         2048   
       Linker Generated:              0       59        0      
    +--+------------------------------+-------+---------+---------+
       Grand Total:                   11773   944       2846   


LINKER GENERATED COPY TABLES

__TI_cinit_table @ 000031a8 records: 3, size/record: 8, table size: 24
	.bss: load addr=00003190, load size=00000008 bytes, run addr=20000a70, run size=000000a5 bytes, compression=zero_init
	.vtable: load addr=00003198, load size=00000008 bytes, run addr=20000000, run size=0000026c bytes, compression=zero_init
	.data: load addr=000031a0, load size=00000007 bytes, run addr=20000b18, run size=0000000d bytes, compression=lzss


LINKER GENERATED HANDLER TABLE

__TI_handler_table @ 00003180 records: 3, size/record: 4, table size: 12
	index: 0, handler: __TI_zero_init
	index: 1, handler: __TI_decompress_lzss
	index: 2, handler: __TI_decompress_none


GLOBAL SYMBOLS: SORTED ALPHABETICALLY BY Name 

address   name                          
-------   ----                          
00002355  ADC0SS0_Handler               
0000306d  C$$EXIT                       
0000303f  CPUcpsie                      
00003011  IntMasterEnable               
00002e61  IntRegister                   
0000304b  ResetISR                      
000017ed  TIMER3B_Handler               
20000a70  __STACK_END                   
00000800  __STACK_SIZE                  
20000470  __STACK_TOP                   
000031a8  __TI_CINIT_Base               
000031c0  __TI_CINIT_Limit              
00003180  __TI_Handler_Table_Base       
0000318c  __TI_Handler_Table_Limit      
00002d25  __TI_auto_init_nobinit_nopinit
00002ac9  __TI_decompress_lzss          
00003031  __TI_decompress_none          
00002beb  __TI_ltoa                     
ffffffff  __TI_pprof_out_hndl           
0000026d  __TI_printfi                  
ffffffff  __TI_prof_data_size           
ffffffff  __TI_prof_data_start          
00000000  __TI_static_base__            
00002f27  __TI_zero_init_nomemset       
000028d5  __aeabi_cdcmpeq               
000028d5  __aeabi_cdcmple               
0000295b  __aeabi_cdrcmple              
00002cdd  __aeabi_d2iz                  
00001ac3  __aeabi_dadd                  
00002061  __aeabi_ddiv                  
000025f5  __aeabi_dmul                  
00001ab9  __aeabi_dsub                  
00003061  __aeabi_errno_addr            
00002e27  __aeabi_f2d                   
00002ef9  __aeabi_i2d                   
00000cbb  __aeabi_idiv0                 
00000cbb  __aeabi_ldiv0                 
000029e1  __aeabi_memclr                
000029e1  __aeabi_memclr4               
000029e1  __aeabi_memclr8               
000027a3  __aeabi_memcpy                
000027a3  __aeabi_memcpy4               
000027a3  __aeabi_memcpy8               
000029e3  __aeabi_memset                
000029e3  __aeabi_memset4               
000029e3  __aeabi_memset8               
0000283f  __aeabi_uldivmod              
ffffffff  __binit__                     
ffffffff  __c_args__                    
UNDEFED   __mpu_init                    
20000270  __stack                       
20000000  __start___llvm_prf_cnts       
20000000  __stop___llvm_prf_cnts        
00002e95  _c_int00_noargs               
00003070  _ctypes_                      
20000b24  _running                      
UNDEFED   _system_post_cinit            
00003069  _system_pre_init              
20000af8  _timeout_ticks                
0000306d  abort                         
00002c91  atoi                          
ffffffff  binit                         
00002f5f  copysign                      
00002f5f  copysignl                     
0000132d  cyBOT_SERVO_cal               
000012bb  cyBOT_Scan                    
00001263  cyBOT_init_Scan               
20000b18  cyBOT_scan_features           
00001255  cyBOT_scan_version            
00001d79  cyBot_UART1_Handler           
00001d5f  cyBot_getByte                 
00001c71  cyBot_sendByte                
00001d41  cyBot_uart_flush              
00001caf  cyBot_uart_init               
00001c97  cyBot_uart_sendBuffer         
00001c7d  cyBot_uart_sendStr            
20000b20  errno                         
20000afc  fallingEdge                   
00002b31  frexp                         
00002b31  frexpl                        
20000000  g_pfnRAMVectors               
00000000  g_pfnVectors                  
0000236b  ir_enableInterrupt            
0000234d  ir_getDistance                
00002325  ir_getValue                   
000022bd  ir_init                       
20000b14  isRisingEdge                  
20000ac4  isr_char_buffer               
20000b1c  isr_counter                   
20000b00  isr_int_value                 
00003021  lcd_clear                     
00000e91  lcd_gotoLine                  
00000cf9  lcd_init                      
00000ef7  lcd_printf                    
00000db9  lcd_putc                      
00000df1  lcd_puts                      
00000cbd  lcd_reverseNibble             
00000e0f  lcd_sendCommand               
00000e4d  lcd_sendNibble                
00000eb9  lcd_setCursorPos              
000024e5  ldexp                         
000024e5  ldexpl                        
20000b04  left_calibration_value        
000023d5  main                          
00002f43  memccpy                       
000027a3  memcpy                        
000029e9  memset                        
0000183f  ping_getDistance              
000016fd  ping_init                     
00001783  ping_trigger                  
20000b08  pulseLength                   
20000b0c  right_calibration_value       
20000b10  risingEdge                    
000024e5  scalbn                        
000024e5  scalbnl                       
00001dcd  servo_init                    
00001e5d  servo_move                    
00001ebd  servo_setPWM                  
00001e51  servo_stop                    
00002d69  sprintf                       
00002fc1  strchr                        
00002fa9  strcmp                        
00002fd7  strcpy                        
00002feb  strlen                        
000015d3  timer_getMicros               
0000157b  timer_getMillis               
000014b5  timer_init                    
00001557  timer_pause                   
00001569  timer_resume                  
0000152d  timer_stop                    
0000162d  timer_waitMicros              
0000165f  timer_waitMillis              
00002da9  vsnprintf                     
00002fff  wcslen                        


GLOBAL SYMBOLS: SORTED BY Symbol Address 

address   name                          
-------   ----                          
00000000  __TI_static_base__            
00000000  g_pfnVectors                  
0000026d  __TI_printfi                  
00000800  __STACK_SIZE                  
00000cbb  __aeabi_idiv0                 
00000cbb  __aeabi_ldiv0                 
00000cbd  lcd_reverseNibble             
00000cf9  lcd_init                      
00000db9  lcd_putc                      
00000df1  lcd_puts                      
00000e0f  lcd_sendCommand               
00000e4d  lcd_sendNibble                
00000e91  lcd_gotoLine                  
00000eb9  lcd_setCursorPos              
00000ef7  lcd_printf                    
00001255  cyBOT_scan_version            
00001263  cyBOT_init_Scan               
000012bb  cyBOT_Scan                    
0000132d  cyBOT_SERVO_cal               
000014b5  timer_init                    
0000152d  timer_stop                    
00001557  timer_pause                   
00001569  timer_resume                  
0000157b  timer_getMillis               
000015d3  timer_getMicros               
0000162d  timer_waitMicros              
0000165f  timer_waitMillis              
000016fd  ping_init                     
00001783  ping_trigger                  
000017ed  TIMER3B_Handler               
0000183f  ping_getDistance              
00001ab9  __aeabi_dsub                  
00001ac3  __aeabi_dadd                  
00001c71  cyBot_sendByte                
00001c7d  cyBot_uart_sendStr            
00001c97  cyBot_uart_sendBuffer         
00001caf  cyBot_uart_init               
00001d41  cyBot_uart_flush              
00001d5f  cyBot_getByte                 
00001d79  cyBot_UART1_Handler           
00001dcd  servo_init                    
00001e51  servo_stop                    
00001e5d  servo_move                    
00001ebd  servo_setPWM                  
00002061  __aeabi_ddiv                  
000022bd  ir_init                       
00002325  ir_getValue                   
0000234d  ir_getDistance                
00002355  ADC0SS0_Handler               
0000236b  ir_enableInterrupt            
000023d5  main                          
000024e5  ldexp                         
000024e5  ldexpl                        
000024e5  scalbn                        
000024e5  scalbnl                       
000025f5  __aeabi_dmul                  
000027a3  __aeabi_memcpy                
000027a3  __aeabi_memcpy4               
000027a3  __aeabi_memcpy8               
000027a3  memcpy                        
0000283f  __aeabi_uldivmod              
000028d5  __aeabi_cdcmpeq               
000028d5  __aeabi_cdcmple               
0000295b  __aeabi_cdrcmple              
000029e1  __aeabi_memclr                
000029e1  __aeabi_memclr4               
000029e1  __aeabi_memclr8               
000029e3  __aeabi_memset                
000029e3  __aeabi_memset4               
000029e3  __aeabi_memset8               
000029e9  memset                        
00002ac9  __TI_decompress_lzss          
00002b31  frexp                         
00002b31  frexpl                        
00002beb  __TI_ltoa                     
00002c91  atoi                          
00002cdd  __aeabi_d2iz                  
00002d25  __TI_auto_init_nobinit_nopinit
00002d69  sprintf                       
00002da9  vsnprintf                     
00002e27  __aeabi_f2d                   
00002e61  IntRegister                   
00002e95  _c_int00_noargs               
00002ef9  __aeabi_i2d                   
00002f27  __TI_zero_init_nomemset       
00002f43  memccpy                       
00002f5f  copysign                      
00002f5f  copysignl                     
00002fa9  strcmp                        
00002fc1  strchr                        
00002fd7  strcpy                        
00002feb  strlen                        
00002fff  wcslen                        
00003011  IntMasterEnable               
00003021  lcd_clear                     
00003031  __TI_decompress_none          
0000303f  CPUcpsie                      
0000304b  ResetISR                      
00003061  __aeabi_errno_addr            
00003069  _system_pre_init              
0000306d  C$$EXIT                       
0000306d  abort                         
00003070  _ctypes_                      
00003180  __TI_Handler_Table_Base       
0000318c  __TI_Handler_Table_Limit      
000031a8  __TI_CINIT_Base               
000031c0  __TI_CINIT_Limit              
20000000  __start___llvm_prf_cnts       
20000000  __stop___llvm_prf_cnts        
20000000  g_pfnRAMVectors               
20000270  __stack                       
20000470  __STACK_TOP                   
20000a70  __STACK_END                   
20000ac4  isr_char_buffer               
20000af8  _timeout_ticks                
20000afc  fallingEdge                   
20000b00  isr_int_value                 
20000b04  left_calibration_value        
20000b08  pulseLength                   
20000b0c  right_calibration_value       
20000b10  risingEdge                    
20000b14  isRisingEdge                  
20000b18  cyBOT_scan_features           
20000b1c  isr_counter                   
20000b20  errno                         
20000b24  _running                      
ffffffff  __TI_pprof_out_hndl           
ffffffff  __TI_prof_data_size           
ffffffff  __TI_prof_data_start          
ffffffff  __binit__                     
ffffffff  __c_args__                    
ffffffff  binit                         
UNDEFED   __mpu_init                    
UNDEFED   _system_post_cinit            

[134 symbols]
