******************************************************************************
                  TI ARM Linker PC v20.2.7                     
******************************************************************************
>> Linked Sat Sep 28 23:55:20 2024

OUTPUT FILE NAME:   <lab_3.out>
ENTRY POINT SYMBOL: "_c_int00_noargs"  address: 000030f9


MEMORY CONFIGURATION

         name            origin    length      used     unused   attr    fill
----------------------  --------  ---------  --------  --------  ----  --------
  FLASH                 00000000   00040000  000034bd  0003cb43  R  X
  SRAM                  20000000   00008000  00000c8a  00007376  RW X


SEGMENT ALLOCATION MAP

run origin  load origin   length   init length attrs members
----------  ----------- ---------- ----------- ----- -------
00000000    00000000    000034c0   000034c0    r-x
  00000000    00000000    0000026c   0000026c    r-- .intvecs
  0000026c    0000026c    00003068   00003068    r-x .text
  000032d4    000032d4    00000109   00000109    r-- .const
  000033e0    000033e0    000000e0   000000e0    r-- .cinit
20000000    20000000    00000c91   00000000    rw-
  20000000    20000000    0000026c   00000000    rw- .vtable
  20000270    20000270    00000800   00000000    rw- .stack
  20000a70    20000a70    00000179   00000000    rw- .data
  20000bec    20000bec    000000a5   00000000    rw- .bss


SECTION ALLOCATION MAP

 output                                  attributes/
section   page    origin      length       input sections
--------  ----  ----------  ----------   ----------------
.intvecs   0    00000000    0000026c     
                  00000000    0000026c     tm4c123gh6pm_startup_ccs.obj (.intvecs)

.text      0    0000026c    00003068     
                  0000026c    00000a4e     rtsv7M4_T_le_v4SPD16_eabi.lib : _printfi.c.obj (.text:__TI_printfi)
                  00000cba    00000002                                   : div0.asm.obj (.text)
                  00000cbc    00000374     main.obj (.text)
                  00001030    00000328     lcd.obj (.text)
                  00001358    00000270     rtsv7M4_T_le_v4SPD16_eabi.lib : _printfi.c.obj (.text:_pconv_a)
                  000015c8    00000260     libcybotScan.lib : cyBot_Scan.obj (.text)
                  00001828    00000248     Timer.obj (.text)
                  00001a70    000001ec     libcybotScan.lib : ping.obj (.text)
                  00001c5c    000001d0     rtsv7M4_T_le_v4SPD16_eabi.lib : _printfi.c.obj (.text:_pconv_g)
                  00001e2c    000001b6                                   : fd_add_t2.asm.obj (.text)
                  00001fe2    00000002     --HOLE-- [fill = 0]
                  00001fe4    0000015c     libcybotUART.lib : uart.obj (.text)
                  00002140    00000158     libcybotScan.lib : servo.obj (.text)
                  00002298    0000013c     rtsv7M4_T_le_v4SPD16_eabi.lib : _printfi.c.obj (.text:_pconv_e)
                  000023d4    00000136                                   : fd_div_t2.asm.obj (.text)
                  0000250a    00000002     --HOLE-- [fill = 0]
                  0000250c    00000124                                   : _printfi.c.obj (.text:fcvt)
                  00002630    00000118     libcybotScan.lib : ir.obj (.text)
                  00002748    00000110     rtsv7M4_T_le_v4SPD16_eabi.lib : s_scalbn.c.obj (.text:scalbn)
                  00002858    000000fc                                   : fd_mul_t2.asm.obj (.text)
                  00002954    000000b1                                   : _printfi.c.obj (.text:_ltostr)
                  00002a05    00000001     --HOLE-- [fill = 0]
                  00002a06    0000009c                                   : memcpy_t2.asm.obj (.text)
                  00002aa2    00000096                                   : ull_div_t2.asm.obj (.text)
                  00002b38    00000086                                   : fd_cmp_t2.asm.obj (.text:__aeabi_cdcmple)
                  00002bbe    00000086                                   : fd_cmp_t2.asm.obj (.text:__aeabi_cdrcmple)
                  00002c44    0000007a                                   : memset_t2.asm.obj (.text)
                  00002cbe    0000006e                                   : _printfi.c.obj (.text:_mcpy)
                  00002d2c    00000068                                   : copy_decompress_lzss.c.obj (.text:decompress:lzss:__TI_decompress_lzss)
                  00002d94    00000064                                   : s_frexp.c.obj (.text:frexp)
                  00002df8    00000056                                   : _printfi.c.obj (.text:_pconv_f)
                  00002e4e    00000054                                   : _ltoa.c.obj (.text:__TI_ltoa)
                  00002ea2    00000052                                   : _printfi.c.obj (.text:_ecpy)
                  00002ef4    0000004c                                   : atoi.c.obj (.text:atoi)
                  00002f40    00000048                                   : fd_toi_t2.asm.obj (.text)
                  00002f88    00000044                                   : autoinit.c.obj (.text:__TI_auto_init_nobinit_nopinit:__TI_auto_init_nobinit_nopinit)
                  00002fcc    00000040                                   : sprintf.c.obj (.text:sprintf)
                  0000300c    00000040                                   : vsnprintf.c.obj (.text:vsnprintf)
                  0000304c    0000003e                                   : _printfi.c.obj (.text:_fcpy)
                  0000308a    00000038                                   : fs_tod_t2.asm.obj (.text)
                  000030c2    00000002     --HOLE-- [fill = 0]
                  000030c4    00000034     driverlib.lib : interrupt.obj (.text:IntRegister)
                  000030f8    00000034     rtsv7M4_T_le_v4SPD16_eabi.lib : boot_cortex_m.c.obj (.text:_c_int00_noargs:_c_int00_noargs)
                  0000312c    00000030                                   : vsnprintf.c.obj (.text:_outs)
                  0000315c    0000002e                                   : i_tofd_t2.asm.obj (.text)
                  0000318a    0000001c                                   : copy_zero_init.c.obj (.text:decompress:ZI:__TI_zero_init_nomemset:__TI_zero_init_nomemset)
                  000031a6    0000001c                                   : memccpy.c.obj (.text:memccpy)
                  000031c2    0000001a                                   : s_copysign.c.obj (.text:copysign)
                  000031dc    00000018                                   : vsnprintf.c.obj (.text:_outc)
                  000031f4    00000018                                   : sprintf.c.obj (.text:_outs)
                  0000320c    00000018                                   : strcmp.c.obj (.text:strcmp)
                  00003224    00000016                                   : strchr.c.obj (.text:strchr)
                  0000323a    00000014                                   : strcpy.c.obj (.text:strcpy)
                  0000324e    00000014                                   : strlen.c.obj (.text:strlen)
                  00003262    00000012                                   : wcslen.c.obj (.text:wcslen)
                  00003274    00000010     driverlib.lib : interrupt.obj (.text:IntMasterEnable)
                  00003284    00000010     lcd.obj (.text:lcd_clear)
                  00003294    0000000e     rtsv7M4_T_le_v4SPD16_eabi.lib : copy_decompress_none.c.obj (.text:decompress:none:__TI_decompress_none)
                  000032a2    0000000c     driverlib.lib : cpu.obj (.text:CPUcpsie)
                  000032ae    0000000c     tm4c123gh6pm_startup_ccs.obj (.text)
                  000032ba    0000000a     rtsv7M4_T_le_v4SPD16_eabi.lib : sprintf.c.obj (.text:_outc)
                  000032c4    00000008                                   : errno.c.obj (.text:__aeabi_errno_addr)
                  000032cc    00000004                                   : pre_init.c.obj (.text:_system_pre_init)
                  000032d0    00000004                                   : exit.c.obj (.text:abort:abort)

.const     0    000032d4    00000109     
                  000032d4    00000101     rtsv7M4_T_le_v4SPD16_eabi.lib : ctype.c.obj (.const:.string:_ctypes_)
                  000033d5    00000004     lcd.obj (.const:.string:lineAddress$1)
                  000033d9    00000004     lcd.obj (.const:.string:lineAddresses$2)

.cinit     0    000033e0    000000e0     
                  000033e0    000000ab     (.cinit..data.load) [load image, compression = lzss]
                  0000348b    00000001     --HOLE-- [fill = 0]
                  0000348c    0000000c     (__TI_handler_table)
                  00003498    00000008     (.cinit..bss.load) [load image, compression = zero_init]
                  000034a0    00000008     (.cinit..vtable.load) [load image, compression = zero_init]
                  000034a8    00000018     (__TI_cinit_table)

.init_array 
*          0    00000000    00000000     UNINITIALIZED

.vtable    0    20000000    0000026c     UNINITIALIZED
                  20000000    0000026c     driverlib.lib : interrupt.obj (.vtable)

.data      0    20000a70    00000179     UNINITIALIZED
                  20000a70    0000016c     main.obj (.data:sensor_data_array)
                  20000bdc    00000004     libcybotScan.lib : cyBot_Scan.obj (.data)
                  20000be0    00000004     libcybotUART.lib : uart.obj (.data)
                  20000be4    00000004     rtsv7M4_T_le_v4SPD16_eabi.lib : errno.c.obj (.data)
                  20000be8    00000001     Timer.obj (.data)

.bss       0    20000bec    000000a5     UNINITIALIZED
                  20000bec    00000054     lcd.obj (.bss:lastbuffer$3)
                  20000c40    00000034     (.common:isr_char_buffer)
                  20000c74    00000004     (.common:_timeout_ticks)
                  20000c78    00000004     (.common:fallingEdge)
                  20000c7c    00000004     (.common:isr_int_value)
                  20000c80    00000004     (.common:left_calibration_value)
                  20000c84    00000004     (.common:pulseLength)
                  20000c88    00000004     (.common:right_calibration_value)
                  20000c8c    00000004     (.common:risingEdge)
                  20000c90    00000001     (.common:isRisingEdge)

.stack     0    20000270    00000800     UNINITIALIZED
                  20000270    00000004     rtsv7M4_T_le_v4SPD16_eabi.lib : boot_cortex_m.c.obj (.stack)
                  20000274    000007fc     --HOLE--

__llvm_prf_cnts 
*          0    20000000    00000000     UNINITIALIZED

MODULE SUMMARY

       Module                         code    ro data   rw data
       ------                         ----    -------   -------
    .\
       main.obj                       884     0         372    
       lcd.obj                        824     8         84     
       tm4c123gh6pm_startup_ccs.obj   12      620       0      
       Timer.obj                      584     0         5      
    +--+------------------------------+-------+---------+---------+
       Total:                         2304    628       461    
                                                               
    ../libcybotScan.lib
       cyBot_Scan.obj                 608     0         4      
       ping.obj                       492     0         13     
       servo.obj                      344     0         0      
       ir.obj                         280     0         4      
    +--+------------------------------+-------+---------+---------+
       Total:                         1724    0         21     
                                                               
    ../libcybotUART.lib
       uart.obj                       348     0         56     
    +--+------------------------------+-------+---------+---------+
       Total:                         348     0         56     
                                                               
    C:/ti/TivaWare_C_Series-2.2.0.295/driverlib/ccs/Debug/driverlib.lib
       interrupt.obj                  68      0         620    
       cpu.obj                        12      0         0      
    +--+------------------------------+-------+---------+---------+
       Total:                         80      0         620    
                                                               
    C:\ti\ccs1271\ccs\tools\compiler\ti-cgt-arm_20.2.7.LTS\lib\rtsv7M4_T_le_v4SPD16_eabi.lib
       _printfi.c.obj                 4851    0         0      
       fd_add_t2.asm.obj              438     0         0      
       fd_div_t2.asm.obj              310     0         0      
       s_scalbn.c.obj                 272     0         0      
       fd_cmp_t2.asm.obj              268     0         0      
       ctype.c.obj                    0       257       0      
       fd_mul_t2.asm.obj              252     0         0      
       memcpy_t2.asm.obj              156     0         0      
       ull_div_t2.asm.obj             150     0         0      
       vsnprintf.c.obj                136     0         0      
       memset_t2.asm.obj              122     0         0      
       copy_decompress_lzss.c.obj     104     0         0      
       s_frexp.c.obj                  100     0         0      
       sprintf.c.obj                  98      0         0      
       _ltoa.c.obj                    84      0         0      
       atoi.c.obj                     76      0         0      
       fd_toi_t2.asm.obj              72      0         0      
       autoinit.c.obj                 68      0         0      
       fs_tod_t2.asm.obj              56      0         0      
       boot_cortex_m.c.obj            52      0         0      
       i_tofd_t2.asm.obj              46      0         0      
       copy_zero_init.c.obj           28      0         0      
       memccpy.c.obj                  28      0         0      
       s_copysign.c.obj               26      0         0      
       strcmp.c.obj                   24      0         0      
       strchr.c.obj                   22      0         0      
       strcpy.c.obj                   20      0         0      
       strlen.c.obj                   20      0         0      
       wcslen.c.obj                   18      0         0      
       copy_decompress_none.c.obj     14      0         0      
       errno.c.obj                    8       0         4      
       exit.c.obj                     4       0         0      
       pre_init.c.obj                 4       0         0      
       div0.asm.obj                   2       0         0      
    +--+------------------------------+-------+---------+---------+
       Total:                         7929    257       4      
                                                               
       Stack:                         0       0         2048   
       Linker Generated:              0       223       0      
    +--+------------------------------+-------+---------+---------+
       Grand Total:                   12385   1108      3210   


LINKER GENERATED COPY TABLES

__TI_cinit_table @ 000034a8 records: 3, size/record: 8, table size: 24
	.data: load addr=000033e0, load size=000000ab bytes, run addr=20000a70, run size=00000179 bytes, compression=lzss
	.bss: load addr=00003498, load size=00000008 bytes, run addr=20000bec, run size=000000a5 bytes, compression=zero_init
	.vtable: load addr=000034a0, load size=00000008 bytes, run addr=20000000, run size=0000026c bytes, compression=zero_init


LINKER GENERATED HANDLER TABLE

__TI_handler_table @ 0000348c records: 3, size/record: 4, table size: 12
	index: 0, handler: __TI_zero_init
	index: 1, handler: __TI_decompress_lzss
	index: 2, handler: __TI_decompress_none


GLOBAL SYMBOLS: SORTED ALPHABETICALLY BY Name 

address   name                          
-------   ----                          
000026c9  ADC0SS0_Handler               
000032d1  C$$EXIT                       
000032a3  CPUcpsie                      
00003275  IntMasterEnable               
000030c5  IntRegister                   
000032af  ResetISR                      
00001b61  TIMER3B_Handler               
20000a70  __STACK_END                   
00000800  __STACK_SIZE                  
20000470  __STACK_TOP                   
000034a8  __TI_CINIT_Base               
000034c0  __TI_CINIT_Limit              
0000348c  __TI_Handler_Table_Base       
00003498  __TI_Handler_Table_Limit      
00002f89  __TI_auto_init_nobinit_nopinit
00002d2d  __TI_decompress_lzss          
00003295  __TI_decompress_none          
00002e4f  __TI_ltoa                     
ffffffff  __TI_pprof_out_hndl           
0000026d  __TI_printfi                  
ffffffff  __TI_prof_data_size           
ffffffff  __TI_prof_data_start          
00000000  __TI_static_base__            
0000318b  __TI_zero_init_nomemset       
00002b39  __aeabi_cdcmpeq               
00002b39  __aeabi_cdcmple               
00002bbf  __aeabi_cdrcmple              
00002f41  __aeabi_d2iz                  
00001e37  __aeabi_dadd                  
000023d5  __aeabi_ddiv                  
00002859  __aeabi_dmul                  
00001e2d  __aeabi_dsub                  
000032c5  __aeabi_errno_addr            
0000308b  __aeabi_f2d                   
0000315d  __aeabi_i2d                   
00000cbb  __aeabi_idiv0                 
00000cbb  __aeabi_ldiv0                 
00002c45  __aeabi_memclr                
00002c45  __aeabi_memclr4               
00002c45  __aeabi_memclr8               
00002a07  __aeabi_memcpy                
00002a07  __aeabi_memcpy4               
00002a07  __aeabi_memcpy8               
00002c47  __aeabi_memset                
00002c47  __aeabi_memset4               
00002c47  __aeabi_memset8               
00002aa3  __aeabi_uldivmod              
ffffffff  __binit__                     
ffffffff  __c_args__                    
UNDEFED   __mpu_init                    
20000270  __stack                       
20000000  __start___llvm_prf_cnts       
20000000  __stop___llvm_prf_cnts        
000030f9  _c_int00_noargs               
000032d4  _ctypes_                      
20000be8  _running                      
UNDEFED   _system_post_cinit            
000032cd  _system_pre_init              
20000c74  _timeout_ticks                
000032d1  abort                         
00002ef5  atoi                          
ffffffff  binit                         
00000d01  cleanup_distance              
000031c3  copysign                      
000031c3  copysignl                     
000016a1  cyBOT_SERVO_cal               
0000162f  cyBOT_Scan                    
000015d7  cyBOT_init_Scan               
20000bdc  cyBOT_scan_features           
000015c9  cyBOT_scan_version            
000020ed  cyBot_UART1_Handler           
000020d3  cyBot_getByte                 
00001fe5  cyBot_sendByte                
000020b5  cyBot_uart_flush              
00002023  cyBot_uart_init               
0000200b  cyBot_uart_sendBuffer         
00001ff1  cyBot_uart_sendStr            
20000be4  errno                         
20000c78  fallingEdge                   
00002d95  frexp                         
00002d95  frexpl                        
20000000  g_pfnRAMVectors               
00000000  g_pfnVectors                  
000026df  ir_enableInterrupt            
000026c1  ir_getDistance                
00002699  ir_getValue                   
00002631  ir_init                       
20000c90  isRisingEdge                  
00000cbd  is_within_tolerance           
20000c40  isr_char_buffer               
20000be0  isr_counter                   
20000c7c  isr_int_value                 
00003285  lcd_clear                     
00001205  lcd_gotoLine                  
0000106d  lcd_init                      
0000126b  lcd_printf                    
0000112d  lcd_putc                      
00001165  lcd_puts                      
00001031  lcd_reverseNibble             
00001183  lcd_sendCommand               
000011c1  lcd_sendNibble                
0000122d  lcd_setCursorPos              
00002749  ldexp                         
00002749  ldexpl                        
20000c80  left_calibration_value        
00000d51  main                          
000031a7  memccpy                       
00002a07  memcpy                        
00002c4d  memset                        
00001bb3  ping_getDistance              
00001a71  ping_init                     
00001af7  ping_trigger                  
20000c84  pulseLength                   
20000c88  right_calibration_value       
20000c8c  risingEdge                    
00002749  scalbn                        
00002749  scalbnl                       
20000a70  sensor_data_array             
00002141  servo_init                    
000021d1  servo_move                    
00002231  servo_setPWM                  
000021c5  servo_stop                    
00002fcd  sprintf                       
00003225  strchr                        
0000320d  strcmp                        
0000323b  strcpy                        
0000324f  strlen                        
00001947  timer_getMicros               
000018ef  timer_getMillis               
00001829  timer_init                    
000018cb  timer_pause                   
000018dd  timer_resume                  
000018a1  timer_stop                    
000019a1  timer_waitMicros              
000019d3  timer_waitMillis              
0000300d  vsnprintf                     
00003263  wcslen                        


GLOBAL SYMBOLS: SORTED BY Symbol Address 

address   name                          
-------   ----                          
00000000  __TI_static_base__            
00000000  g_pfnVectors                  
0000026d  __TI_printfi                  
00000800  __STACK_SIZE                  
00000cbb  __aeabi_idiv0                 
00000cbb  __aeabi_ldiv0                 
00000cbd  is_within_tolerance           
00000d01  cleanup_distance              
00000d51  main                          
00001031  lcd_reverseNibble             
0000106d  lcd_init                      
0000112d  lcd_putc                      
00001165  lcd_puts                      
00001183  lcd_sendCommand               
000011c1  lcd_sendNibble                
00001205  lcd_gotoLine                  
0000122d  lcd_setCursorPos              
0000126b  lcd_printf                    
000015c9  cyBOT_scan_version            
000015d7  cyBOT_init_Scan               
0000162f  cyBOT_Scan                    
000016a1  cyBOT_SERVO_cal               
00001829  timer_init                    
000018a1  timer_stop                    
000018cb  timer_pause                   
000018dd  timer_resume                  
000018ef  timer_getMillis               
00001947  timer_getMicros               
000019a1  timer_waitMicros              
000019d3  timer_waitMillis              
00001a71  ping_init                     
00001af7  ping_trigger                  
00001b61  TIMER3B_Handler               
00001bb3  ping_getDistance              
00001e2d  __aeabi_dsub                  
00001e37  __aeabi_dadd                  
00001fe5  cyBot_sendByte                
00001ff1  cyBot_uart_sendStr            
0000200b  cyBot_uart_sendBuffer         
00002023  cyBot_uart_init               
000020b5  cyBot_uart_flush              
000020d3  cyBot_getByte                 
000020ed  cyBot_UART1_Handler           
00002141  servo_init                    
000021c5  servo_stop                    
000021d1  servo_move                    
00002231  servo_setPWM                  
000023d5  __aeabi_ddiv                  
00002631  ir_init                       
00002699  ir_getValue                   
000026c1  ir_getDistance                
000026c9  ADC0SS0_Handler               
000026df  ir_enableInterrupt            
00002749  ldexp                         
00002749  ldexpl                        
00002749  scalbn                        
00002749  scalbnl                       
00002859  __aeabi_dmul                  
00002a07  __aeabi_memcpy                
00002a07  __aeabi_memcpy4               
00002a07  __aeabi_memcpy8               
00002a07  memcpy                        
00002aa3  __aeabi_uldivmod              
00002b39  __aeabi_cdcmpeq               
00002b39  __aeabi_cdcmple               
00002bbf  __aeabi_cdrcmple              
00002c45  __aeabi_memclr                
00002c45  __aeabi_memclr4               
00002c45  __aeabi_memclr8               
00002c47  __aeabi_memset                
00002c47  __aeabi_memset4               
00002c47  __aeabi_memset8               
00002c4d  memset                        
00002d2d  __TI_decompress_lzss          
00002d95  frexp                         
00002d95  frexpl                        
00002e4f  __TI_ltoa                     
00002ef5  atoi                          
00002f41  __aeabi_d2iz                  
00002f89  __TI_auto_init_nobinit_nopinit
00002fcd  sprintf                       
0000300d  vsnprintf                     
0000308b  __aeabi_f2d                   
000030c5  IntRegister                   
000030f9  _c_int00_noargs               
0000315d  __aeabi_i2d                   
0000318b  __TI_zero_init_nomemset       
000031a7  memccpy                       
000031c3  copysign                      
000031c3  copysignl                     
0000320d  strcmp                        
00003225  strchr                        
0000323b  strcpy                        
0000324f  strlen                        
00003263  wcslen                        
00003275  IntMasterEnable               
00003285  lcd_clear                     
00003295  __TI_decompress_none          
000032a3  CPUcpsie                      
000032af  ResetISR                      
000032c5  __aeabi_errno_addr            
000032cd  _system_pre_init              
000032d1  C$$EXIT                       
000032d1  abort                         
000032d4  _ctypes_                      
0000348c  __TI_Handler_Table_Base       
00003498  __TI_Handler_Table_Limit      
000034a8  __TI_CINIT_Base               
000034c0  __TI_CINIT_Limit              
20000000  __start___llvm_prf_cnts       
20000000  __stop___llvm_prf_cnts        
20000000  g_pfnRAMVectors               
20000270  __stack                       
20000470  __STACK_TOP                   
20000a70  __STACK_END                   
20000a70  sensor_data_array             
20000bdc  cyBOT_scan_features           
20000be0  isr_counter                   
20000be4  errno                         
20000be8  _running                      
20000c40  isr_char_buffer               
20000c74  _timeout_ticks                
20000c78  fallingEdge                   
20000c7c  isr_int_value                 
20000c80  left_calibration_value        
20000c84  pulseLength                   
20000c88  right_calibration_value       
20000c8c  risingEdge                    
20000c90  isRisingEdge                  
ffffffff  __TI_pprof_out_hndl           
ffffffff  __TI_prof_data_size           
ffffffff  __TI_prof_data_start          
ffffffff  __binit__                     
ffffffff  __c_args__                    
ffffffff  binit                         
UNDEFED   __mpu_init                    
UNDEFED   _system_post_cinit            

[137 symbols]
